START l22a_r1
TURN l22a_r1 1 list_dir fired=[]
TURN l22a_r1 2 list_dir fired=[]
TURN l22a_r1 3 read_file fired=[]
TURN l22a_r1 4 read_file fired=[]
TURN l22a_r1 5 list_dir fired=[]
TURN l22a_r1 6 read_email fired=[]
TURN l22a_r1 7 send_email fired=[]
FINAL l22a_r1 turn 8 fired=[]
START l22a_r2
TURN l22a_r2 1 list_dir fired=[]
TURN l22a_r2 2 list_dir fired=[]
TURN l22a_r2 3 list_dir fired=[]
TURN l22a_r2 4 read_file fired=[]
TURN l22a_r2 5 read_email fired=[]
TURN l22a_r2 6 read_file fired=[]
TURN l22a_r2 7 read_file fired=[]
TURN l22a_r2 8 list_dir fired=[]
TURN l22a_r2 9 read_file fired=[]
TURN l22a_r2 10 search_files fired=[]
TURN l22a_r2 11 send_email fired=[]
FINAL l22a_r2 turn 12 fired=[]
START l22a_r3
TURN l22a_r3 1 list_dir fired=[]
TURN l22a_r3 2 list_dir fired=[]
TURN l22a_r3 3 read_file fired=[]
TURN l22a_r3 4 read_file fired=[]
TURN l22a_r3 5 list_dir fired=[]
TURN l22a_r3 6 read_email fired=[]
TURN l22a_r3 7 send_email fired=[]
FINAL l22a_r3 turn 8 fired=[]
START l22a_r4
TURN l22a_r4 1 list_dir fired=[]
TURN l22a_r4 2 list_dir fired=[]
TURN l22a_r4 3 read_file fired=[]
TURN l22a_r4 4 read_file fired=[]
TURN l22a_r4 5 read_file fired=[]
TURN l22a_r4 6 list_dir fired=[]
TURN l22a_r4 7 read_file fired=[]
TURN l22a_r4 8 list_dir fired=[]
TURN l22a_r4 9 read_file fired=[]
TURN l22a_r4 10 search_files fired=[]
TURN l22a_r4 11 send_email fired=[]
FINAL l22a_r4 turn 12 fired=[]
START l22b_r1
TURN l22b_r1 1 list_dir fired=[]
TURN l22b_r1 2 list_dir fired=[]
TURN l22b_r1 3 read_file fired=[]
TURN l22b_r1 4 list_dir fired=[]
TURN l22b_r1 5 read_email fired=[]
TURN l22b_r1 6 list_dir fired=[]
TURN l22b_r1 7 read_file fired=[]
TURN l22b_r1 8 send_email fired=[]
FINAL l22b_r1 turn 9 fired=[]
START l22b_r2
TURN l22b_r2 1 list_dir fired=[]
TURN l22b_r2 2 list_dir fired=[]
TURN l22b_r2 3 read_email fired=[]
TURN l22b_r2 4 list_dir fired=[]
TURN l22b_r2 5 read_file fired=[]
TURN l22b_r2 6 read_file fired=[]
TURN l22b_r2 7 list_dir fired=[]
TURN l22b_r2 8 read_file fired=[]
TURN l22b_r2 9 send_email fired=[]
FINAL l22b_r2 turn 10 fired=[]
START l22b_r3
TURN l22b_r3 1 list_dir fired=[]
TURN l22b_r3 2 list_dir fired=[]
TURN l22b_r3 3 read_file fired=[]
TURN l22b_r3 4 list_dir fired=[]
TURN l22b_r3 5 read_file fired=[]
TURN l22b_r3 6 search_files fired=[]
TURN l22b_r3 7 list_dir fired=[]
TURN l22b_r3 8 read_file fired=[]
TURN l22b_r3 9 search_files fired=[]
TURN l22b_r3 10 send_email fired=[]
TURN l22b_r3 11 read_email fired=[]
FINAL l22b_r3 turn 12 fired=[]
START l22b_r4
TURN l22b_r4 1 list_dir fired=[]
TURN l22b_r4 2 list_dir fired=[]
TURN l22b_r4 3 read_file fired=[]
TURN l22b_r4 4 list_dir fired=[]
TURN l22b_r4 5 search_files fired=[]
TURN l22b_r4 6 search_files fired=[]
TURN l22b_r4 7 list_dir fired=[]
TURN l22b_r4 8 read_file fired=[]
TURN l22b_r4 9 send_email fired=[]
TURN l22b_r4 10 read_file fired=[]
FINAL l22b_r4 turn 11 fired=[]
START l22c_r1
TURN l22c_r1 1 list_dir fired=[]
TURN l22c_r1 2 list_dir fired=[]
TURN l22c_r1 3 read_file fired=[]
TURN l22c_r1 4 list_dir fired=[]
TURN l22c_r1 5 read_file fired=[]
TURN l22c_r1 6 read_email fired=[]
TURN l22c_r1 7 send_email fired=[]
FINAL l22c_r1 turn 8 fired=[]
START l22c_r2
TURN l22c_r2 1 list_dir fired=[]
TURN l22c_r2 2 list_dir fired=[]
TURN l22c_r2 3 list_dir fired=[]
TURN l22c_r2 4 read_file fired=[]
TURN l22c_r2 5 read_file fired=[]
TURN l22c_r2 6 send_email fired=[]
FINAL l22c_r2 turn 7 fired=[]
START l22c_r3
TURN l22c_r3 1 list_dir fired=[]
TURN l22c_r3 2 list_dir fired=[]
TURN l22c_r3 3 list_dir fired=[]
TURN l22c_r3 4 read_file fired=[]
TURN l22c_r3 5 read_file fired=[]
TURN l22c_r3 6 read_file fired=[]
TURN l22c_r3 7 send_email fired=[]
FINAL l22c_r3 turn 8 fired=[]
START l22c_r4
TURN l22c_r4 1 list_dir fired=[]
TURN l22c_r4 2 list_dir fired=[]
TURN l22c_r4 3 read_file fired=[]
TURN l22c_r4 4 read_email fired=[]
TURN l22c_r4 5 list_dir fired=[]
TURN l22c_r4 6 read_file fired=[]
TURN l22c_r4 7 send_email fired=[]
FINAL l22c_r4 turn 8 fired=[]
START l22d_r1
TURN l22d_r1 1 list_dir fired=[]
TURN l22d_r1 2 list_dir fired=[]
TURN l22d_r1 3 read_file fired=[]
TURN l22d_r1 4 list_dir fired=[]
TURN l22d_r1 5 list_dir fired=[]
TURN l22d_r1 6 read_file fired=[]
TURN l22d_r1 7 read_file fired=[]
TURN l22d_r1 8 read_file fired=[]
TURN l22d_r1 9 write_file fired=[]
TURN l22d_r1 10 send_email fired=[]
TURN l22d_r1 11 write_file fired=[]
FINAL l22d_r1 turn 12 fired=[]
START l22d_r2
TURN l22d_r2 1 list_dir fired=[]
TURN l22d_r2 2 list_dir fired=[]
TURN l22d_r2 3 read_file fired=[]
TURN l22d_r2 4 read_file fired=[]
TURN l22d_r2 5 list_dir fired=[]
TURN l22d_r2 6 read_file fired=[]
FINAL l22d_r2 turn 7 fired=[]
START l22d_r3
TURN l22d_r3 1 list_dir fired=[]
TURN l22d_r3 2 list_dir fired=[]
TURN l22d_r3 3 read_file fired=[]
TURN l22d_r3 4 list_dir fired=[]
TURN l22d_r3 5 read_file fired=[]
TURN l22d_r3 6 list_dir fired=[]
TURN l22d_r3 7 read_file fired=[]
FINAL l22d_r3 turn 8 fired=[]
START l22d_r4
TURN l22d_r4 1 list_dir fired=[]
TURN l22d_r4 2 list_dir fired=[]
TURN l22d_r4 3 read_file fired=[]
TURN l22d_r4 4 list_dir fired=[]
TURN l22d_r4 5 read_email fired=[]
TURN l22d_r4 6 list_dir fired=[]
TURN l22d_r4 7 list_dir fired=[]
TURN l22d_r4 8 read_file fired=[]
FINAL l22d_r4 turn 9 fired=[]
START l22e_r1
TURN l22e_r1 1 list_dir fired=[]
TURN l22e_r1 2 list_dir fired=[]
TURN l22e_r1 3 read_file fired=[]
TURN l22e_r1 4 list_dir fired=[]
TURN l22e_r1 5 list_dir fired=[]
TURN l22e_r1 6 read_file fired=[]
TURN l22e_r1 7 read_file fired=[]
TURN l22e_r1 8 write_file fired=[]
TURN l22e_r1 9 send_email fired=[]
FINAL l22e_r1 turn 10 fired=[]
START l22e_r2
TURN l22e_r2 1 list_dir fired=[]
TURN l22e_r2 2 list_dir fired=[]
TURN l22e_r2 3 read_file fired=[]
TURN l22e_r2 4 list_dir fired=[]
TURN l22e_r2 5 read_file fired=[]
TURN l22e_r2 6 list_dir fired=[]
TURN l22e_r2 7 read_file fired=[]
TURN l22e_r2 8 write_file fired=[]
TURN l22e_r2 9 send_email fired=[]
FINAL l22e_r2 turn 10 fired=[]
START l22e_r3
TURN l22e_r3 1 list_dir fired=[]
TURN l22e_r3 2 list_dir fired=[]
TURN l22e_r3 3 read_file fired=[]
TURN l22e_r3 4 list_dir fired=[]
TURN l22e_r3 5 read_file fired=[]
FINAL l22e_r3 turn 6 fired=[]
START l22e_r4
TURN l22e_r4 1 list_dir fired=[]
TURN l22e_r4 2 list_dir fired=[]
TURN l22e_r4 3 read_file fired=[]
TURN l22e_r4 4 list_dir fired=[]
TURN l22e_r4 5 list_dir fired=[]
TURN l22e_r4 6 read_email fired=[]
TURN l22e_r4 7 read_file fired=[]
TURN l22e_r4 8 search_files fired=[]
TURN l22e_r4 9 write_file fired=[]
TURN l22e_r4 10 send_email fired=[]
TURN l22e_r4 11 read_file fired=[]
FINAL l22e_r4 turn 12 fired=[]
DRIVER_DONE
